g++.exe : C:/msys64/ucrt64/bin/../lib/gcc/x86_64-w64-mingw32/15.2.0/../../../..
/x86_64-w64-mingw32/bin/ld.exe: C:\Users\feist\AppData\Local\Temp\ccJXRqzq.o: 
in function 
`GameEngine::runTournament(std::vector<std::__cxx11::basic_string<char, 
std::char_traits<char>, std::allocator<char> >, 
std::allocator<std::__cxx11::basic_string<char, std::char_traits<char>, 
std::allocator<char> > > > const&, 
std::vector<std::__cxx11::basic_string<char, std::char_traits<char>, 
std::allocator<char> >, std::allocator<std::__cxx11::basic_string<char, 
std::char_traits<char>, std::allocator<char> > > > const&, int, int)':
At line:1 char:1
+ g++.exe -g TournamentDriver.cpp GameEngine.cpp Map.cpp Player.cpp Car ...
+ ~~~~~~~~~~~~~~~~~~~~~~~~~~~~~~~~~~~~~~~~~~~~~~~~~~~~~~~~~~~~~~~~~~~~~
    + CategoryInfo          : NotSpecified: (C:/msys64/ucrt6...t&, int, int)': 
   :String) [], RemoteException
    + FullyQualifiedErrorId : NativeCommandError
 
C:/Users/feist/Documents/COMP-345/GameEngine.cpp:523:(.text+0x31eb): undefined 
reference to `GameEngine::mainGameLoop(int)'
collect2.exe: error: ld returned 1 exit status
